// Jest Snapshot v1, https://goo.gl/fbAQLP

exports[`<Button /> render correctly with primary type 1`] = `
<button
  className="button primary"
  onClick={[MockFunction]}
>
  Button name
</button>
`;

exports[`<Button /> render correctly with secondary type 1`] = `
<button
  className="button secondary"
/>
`;
