// Jest Snapshot v1, https://goo.gl/fbAQLP

exports[`<Icons /> render correctly 1`] = `
<div
  className="test"
>
  <UpIcon
    className="icon"
    key="type-up"
  />
  <DownIcon
    className="icon"
    key="type-down"
  />
  <CheckIcon
    className="icon"
    key="type-check"
  />
  <ProfileIcon
    className="icon"
    key="type-user"
  />
  <RateIcon
    className="icon"
    key="type-rate"
  />
  <CameraIcon
    className="icon"
    key="type-camera"
  />
  <BookIcon
    className="icon"
    key="type-book"
  />
</div>
`;

exports[`<Icons /> render correctly when types are not defined 1`] = `
<div
  className="test"
/>
`;
