// Jest Snapshot v1, https://goo.gl/fbAQLP

exports[`<Icons /> render correctly 1`] = `
<div
  className="test container"
>
  <UpVector
    className="icon"
    key="vector-up"
  />
  <DownVector
    className="icon"
    key="vector-down"
  />
  <CheckVector
    className="icon"
    key="vector-check"
  />
  <ProfileVector
    className="icon"
    key="vector-user"
  />
  <RateVector
    className="icon"
    key="vector-rate"
  />
  <CameraVector
    className="icon"
    key="vector-camera"
  />
  <BookVector
    className="icon"
    key="vector-book"
  />
</div>
`;
